// Jest Snapshot v1, https://goo.gl/fbAQLP

exports[`NProgress Component 1`] = `
<GlobalStyleComponent
  primaryColor="red"
/>
`;

exports[`NProgress 基本 1`] = `null`;

exports[`NProgress 基本2 1`] = `null`;
